0 verbose cli C:\nvm4w\nodejs\node.exe C:\nvm4w\nodejs\node_modules\npm\bin\npm-cli.js
1 info using npm@11.5.2
2 info using node@v20.19.4
3 silly config load:file:C:\Users\mohan\AppData\Local\nvm\v20.19.4\node_modules\npm\npmrc
4 silly config load:file:C:\Users\mohan\OneDrive\Desktop\RoyalHotel\Frontend\.npmrc
5 silly config load:file:C:\Users\mohan\.npmrc
6 silly config load:file:C:\nvm4w\nodejs\etc\npmrc
7 verbose title npm run lint:fix
8 verbose argv "run" "lint:fix" "--cache" "--reset"
9 verbose logfile logs-max:10 dir:C:\Users\mohan\OneDrive\Desktop\RoyalHotel\Frontend\--reset\_logs\2025-09-24T18_26_12_190Z-
10 verbose logfile C:\Users\mohan\OneDrive\Desktop\RoyalHotel\Frontend\--reset\_logs\2025-09-24T18_26_12_190Z-debug-0.log
11 silly logfile done cleaning log files
12 http fetch GET 200 https://registry.npmjs.org/npm 2080ms
13 verbose cwd C:\Users\mohan\OneDrive\Desktop\RoyalHotel\Frontend
14 verbose os Windows_NT 10.0.22000
15 verbose node v20.19.4
16 verbose npm  v11.5.2
17 notice
17 notice New [33mminor[39m version of npm available! [33m11.5.2[39m -> [34m11.6.0[39m
17 notice Changelog: [34mhttps://github.com/npm/cli/releases/tag/v11.6.0[39m
17 notice To update run: [4mnpm install -g npm@11.6.0[24m
17 notice  { force: true, [Symbol(proc-log.meta)]: true }
18 verbose exit 1
19 verbose code 1
20 error A complete log of this run can be found in: C:\Users\mohan\OneDrive\Desktop\RoyalHotel\Frontend\--reset\_logs\2025-09-24T18_26_12_190Z-debug-0.log
